// Vitest Snapshot v1, https://vitest.dev/guide/snapshot.html

exports[`About > renders without crashing 1`] = `
<DocumentFragment>
  .emotion-0 {
  padding-top: 3rem;
  position: relative;
}

.emotion-1 {
  margin: 0 auto;
  max-width: 1150px;
  padding: 0 1rem;
}

.emotion-2 {
  font-weight: 700;
  font-size: 2.4rem;
  text-align: center;
}

@media (min-width: 768px) {
  .emotion-2 {
    font-size: 3rem;
  }
}

.emotion-4 {
  margin: 3rem 1rem;
}

@media (min-width: 1024px) {
  .emotion-4 {
    margin: 3rem -3rem;
  }
}

.emotion-4 p {
  font-size: 1.4rem;
  font-style: italic;
}

.emotion-4 cite {
  font-size: 1rem;
  font-style: normal;
}

.emotion-6 {
  color: currentColor;
}

.emotion-15 {
  font-weight: 700;
}

<main
    class="emotion-0"
  >
    <div
      class="emotion-1"
    >
      <h1
        class="emotion-2"
      >
        Are my Colours Accessible?
      </h1>
      <p
        class="emotion-3"
      >
        Why? Well, apart from being an excuse to use a domain name, colour contrast and the use of colour is extremely important for certain groups of people with varying levels of visional impairment.
      </p>
      <blockquote
        class="emotion-4"
      >
        <p
          class="emotion-3"
        >
          Information and user interface components must be presentable to users in ways they can perceive. 
          <br />
          <cite>
            – 
            <a
              class="emotion-6"
              href="https://www.w3.org/TR/2008/REC-WCAG20-20081211/#perceivable"
            >
              Principle 1: Perceivable
            </a>
            , WCAG 2.0 Guidelines
          </cite>
        </p>
      </blockquote>
      <blockquote
        class="emotion-4"
      >
        <p
          class="emotion-3"
        >
          Make it easier for users to see and hear content including separating foreground from background.
          <br />
          <cite>
            – 
            <a
              class="emotion-6"
              href="https://www.w3.org/TR/2008/REC-WCAG20-20081211/#visual-audio-contrast"
            >
              Guideline 1.4 Distinguishable:
            </a>
             WCAG 2.0 Guidelines
          </cite>
        </p>
      </blockquote>
      <blockquote
        class="emotion-4"
      >
        <p
          class="emotion-3"
        >
          The visual presentation of text and images of text has a contrast ratio of at least 4.5:1, except for the following: (Level AA).
          <br />
          <cite>
            – 
            <a
              class="emotion-6"
              href="https://www.w3.org/TR/2008/REC-WCAG20-20081211/#visual-audio-contrast"
            >
              1.4.3 Contrast (Minimum):
            </a>
             WCAG 2.0 Guidelines
          </cite>
        </p>
      </blockquote>
      <p
        class="emotion-3"
      >
        For text-based information to be perceivable by all users regardless of level of sight and to safely meet WCAG 2.0, AA requirements, you should aim for a minimum contrast ratio of 4.5:1 for all text content. There are 2 exceptions to this; large text that is 18pt or 24px and above or 
        <strong>
          bold
        </strong>
         text that is 14pt or 18px and above, where the minimum contrast ratio can be 3.0:1
      </p>
      <p
        class="emotion-3"
      >
        AAA is stricter. Normal text needs 7.0:1. Large or bold text needs 4.5:1. The Small, Bold and Large results show how your colours do at both AA and AAA.
      </p>
      <h2
        class="emotion-15"
      >
        Two ways to score
      </h2>
      <p
        class="emotion-3"
      >
        WCAG 2.x is the default, but you can switch to APCA on the home page or the palette. APCA reports a signed Lc value for lightness contrast, not a ratio. It also skips AA and AAA labels.
      </p>
      <p
        class="emotion-3"
      >
        The headline says 
        <strong>
          Yup
        </strong>
         when Content passes at |Lc| 60 or more. If Content misses but Large still passes at 45, it says 
        <strong>
          Kinda
        </strong>
        . Below that, 
        <strong>
          Nope
        </strong>
        . When |Lc| drops under 15, 
        <strong>
          Seriously?
        </strong>
         shows up as a bit of extra heckling. It is not another headline.
      </p>
      <p
        class="emotion-3"
      >
        The APCA rows each have their own cut-off:
      </p>
      <p
        class="emotion-3"
      >
        Fluent |Lc| ≥ 90
        <br />
        Body |Lc| ≥ 75
        <br />
        Content |Lc| ≥ 60
        <br />
        Large |Lc| ≥ 45
        <br />
        Minimum |Lc| ≥ 30
        <br />
        Non-text |Lc| ≥ 15
      </p>
      <p
        class="emotion-3"
      >
        One odd bit: 
        <strong>
          Yup
        </strong>
         follows the Content mark, so Body can still fail when |Lc| is at least 60 but below 75. That is expected, even if it looks wrong at first glance.
      </p>
      <p
        class="emotion-3"
      >
        Lc is directional too. Swap the text and background and the signed value, and which rows pass, can change.
      </p>
      <p
        class="emotion-3"
      >
        Building upon and heavily influenced by the excellent 
        <a
          class="emotion-6"
          href="http://jxnblk.com/colorable/"
        >
          Colorable
        </a>
        , I wanted more context around the result. When you share the outcome with your colleagues, all the results, rules and what you’re aiming for, is easily understandable for when you have those awkward conversations with designers and marketers.
      </p>
      <p
        class="emotion-3"
      >
        Accessibility doesn’t have to be ugly.
      </p>
      <p
        class="emotion-3"
      >
        Built by 
        <a
          class="emotion-6"
          href="http://www.simontaggart.com"
        >
          Simon Taggart
        </a>
        , 
        <a
          class="emotion-6"
          href="https://github.com/SiTaggart/AreMyColorsAccessible"
        >
          code on GitHub
        </a>
        , 
        <a
          class="emotion-6"
          href="https://netlify.com"
        >
          hosted on Netlify
        </a>
        .
      </p>
    </div>
  </main>
</DocumentFragment>
`;
