// Jest Snapshot v1, https://goo.gl/fbAQLP

exports[`Home renders without crashing 1`] = `
<DocumentFragment>
  .emotion-0 {
  position: relative;
}

@media (min-width: 768px) {
  .emotion-0 {
    min-height: 85%;
  }
}

.emotion-2 {
  margin: 0 auto;
  max-width: 1150px;
  padding: 0 1rem;
}

.emotion-4 {
  -webkit-align-items: center;
  -webkit-box-align: center;
  -ms-flex-align: center;
  align-items: center;
  display: -webkit-box;
  display: -webkit-flex;
  display: -ms-flexbox;
  display: flex;
  -webkit-box-flex-wrap: wrap;
  -webkit-flex-wrap: wrap;
  -ms-flex-wrap: wrap;
  flex-wrap: wrap;
  margin-bottom: 2rem;
  text-align: center;
}

@media (min-width: 768px) {
  .emotion-4 {
    margin-bottom: 3rem;
  }
}

@media (min-width: 1024px) {
  .emotion-4 {
    margin-bottom: 5rem;
  }
}

.emotion-6 {
  font-weight: 700;
  font-size: 20vw;
  margin: 3rem 0;
  width: 100%;
}

@media (min-width: 768px) {
  .emotion-6 {
    font-size: 18vw;
    margin: 4rem 0;
  }
}

@media (min-width: 1024px) {
  .emotion-6 {
    font-size: 15vw;
    margin: 5rem 0;
  }
}

@media (min-width: 1480px) {
  .emotion-6 {
    font-size: 9vw;
  }
}

.emotion-8 {
  -webkit-flex: 1 1 auto;
  -ms-flex: 1 1 auto;
  flex: 1 1 auto;
  margin-bottom: 2rem;
  width: 100%;
}

@media (min-width: 480px) {
  .emotion-8 {
    width: 50%;
  }
}

@media (min-width: 1024px) {
  .emotion-8 {
    width: 25%;
  }
}

.emotion-10 {
  font-size: 14pt;
  margin: 0;
}

.emotion-12 {
  font-weight: 700;
  font-size: 10vw;
  margin: 0;
}

@media (min-width: 768px) {
  .emotion-12 {
    font-size: 6vw;
  }
}

@media (min-width: 1024px) {
  .emotion-12 {
    font-size: 4vw;
  }
}

@media (min-width: 1480px) {
  .emotion-12 {
    font-size: 3vw;
  }
}

.emotion-22 {
  font-size: 18pt;
  margin: 0;
}

.emotion-32 {
  margin: 0 auto;
  max-width: 1200px;
}

.emotion-34 {
  display: -webkit-box;
  display: -webkit-flex;
  display: -ms-flexbox;
  display: flex;
  -webkit-box-flex-wrap: wrap;
  -webkit-flex-wrap: wrap;
  -ms-flex-wrap: wrap;
  flex-wrap: wrap;
  margin: 0 auto;
  max-width: 1200px;
  padding: 0 1rem;
  -webkit-transition: color 400ms ease-out;
  transition: color 400ms ease-out;
}

.emotion-36 {
  padding: 1rem;
  width: 100%;
}

@media (min-width: 768px) {
  .emotion-36 {
    -webkit-flex: 1 1 auto;
    -ms-flex: 1 1 auto;
    flex: 1 1 auto;
    width: 50%;
  }
}

.emotion-38 {
  display: inline-block;
  font-size: 1.2rem;
  margin-bottom: 0.5rem;
  width: 100%;
}

.emotion-40 {
  background: rgba(255, 255, 255, 0.1);
  border: solid 1px;
  border-radius: 3px;
  font-size: 1.2rem;
  padding: 0.5rem 1rem;
  margin-bottom: 2rem;
  width: 100%;
}

.emotion-42 {
  display: -webkit-box;
  display: -webkit-flex;
  display: -ms-flexbox;
  display: flex;
  -webkit-box-flex-wrap: wrap;
  -webkit-flex-wrap: wrap;
  -ms-flex-wrap: wrap;
  flex-wrap: wrap;
}

@media (min-width: 1024px) {
  .emotion-42 {
    margin: 0 -0.5rem;
  }
}

.emotion-44 {
  width: 100%;
}

@media (min-width: 1024px) {
  .emotion-44 {
    -webkit-flex: 1 0 auto;
    -ms-flex: 1 0 auto;
    flex: 1 0 auto;
    padding: 0 0.5rem;
    width: 33.3333%;
  }
}

.emotion-52 {
  -webkit-appearance: none;
  background: transparent;
  border-radius: 2px;
  color: currentColor;
  display: block;
  margin: 10px 0;
  width: 100%;
}

.emotion-52::-webkit-slider-runnable-track {
  width: 100%;
  height: 4px;
  cursor: pointer;
  -webkit-transition: all 0.2s ease;
  transition: all 0.2s ease;
  box-shadow: 0 0 0 #fff,0 0 0 #fff;
  background: currentColor;
  border: 1px solid currentColor;
  border-radius: 5px;
}

.emotion-52::-webkit-slider-thumb {
  box-shadow: 1px 1px 1px #999,0 0 1px #a6a6a6;
  border: 1px solid currentColor;
  height: 20px;
  width: 8px;
  border-radius: 2px;
  background: currentColor;
  cursor: pointer;
  -webkit-appearance: none;
  margin-top: -9px;
}

.emotion-52:focus::-webkit-slider-runnable-track {
  background: currentColor;
}

.emotion-52::-moz-range-track {
  width: 100%;
  height: 4px;
  cursor: pointer;
  -webkit-transition: all 0.2s ease;
  transition: all 0.2s ease;
  box-shadow: 0 0 0 #fff,0 0 0 #fff;
  background: currentColor;
  border: 1px solid currentColor;
  border-radius: 5px;
}

.emotion-52::-moz-range-thumb {
  box-shadow: 1px 1px 1px #999,0 0 1px #a6a6a6;
  border: 1px solid currentColor;
  height: 20px;
  width: 8px;
  border-radius: 2px;
  background: currentColor;
  cursor: pointer;
}

.emotion-52::-ms-track {
  width: 100%;
  height: 4px;
  cursor: pointer;
  -webkit-transition: all 0.2s ease;
  transition: all 0.2s ease;
  background: transparent;
  border-color: transparent;
  border-width: 8px 0;
  color: transparent;
}

.emotion-52::-ms-fill-lower {
  box-shadow: 0 0 0 #fff,0 0 0 #fff;
  background: currentColor;
  border: 1px solid currentColor;
  border-radius: 5px * 2;
}

.emotion-52::-ms-fill-upper {
  box-shadow: 0 0 0 #fff,0 0 0 #fff;
  background: currentColor;
  border: 1px solid currentColor;
  border-radius: 5px * 2;
}

.emotion-52::-ms-thumb {
  box-shadow: 1px 1px 1px #999,0 0 1px #a6a6a6;
  border: 1px solid currentColor;
  height: 20px;
  width: 8px;
  border-radius: 2px;
  background: currentColor;
  cursor: pointer;
}

.emotion-52:focus::-ms-fill-lower {
  background: currentColor;
}

.emotion-52:focus::-ms-fill-upper {
  background: currentColor;
}

<main
    class="emotion-0 emotion-1"
  >
    <div
      class="emotion-2 emotion-3"
    >
      <div
        class="emotion-4 emotion-5"
      >
        <h1
          aria-atomic="true"
          aria-live="polite"
          class="emotion-6 emotion-7"
          data-testid="contrastResults-heading"
        >
          Yup
        </h1>
        <div
          class="emotion-8 emotion-9"
        >
          <p
            class="emotion-10 emotion-11"
          >
            Small Text
            <br />
            AA: 4.5 AAA: 7.0
          </p>
          <h2
            class="emotion-12 emotion-13"
            data-testid="contrastResult-rating-small"
          >
            AAA
          </h2>
        </div>
        <div
          class="emotion-8 emotion-9"
        >
          <p
            class="emotion-10 emotion-11"
          >
            <strong>
              Bold Text 18px and over 
              <br />
              AA: 3.0 AAA: 4.5
            </strong>
          </p>
          <h2
            class="emotion-12 emotion-13"
            data-testid="contrastResult-rating-bold"
          >
            AAA
          </h2>
        </div>
        <div
          class="emotion-8 emotion-9"
        >
          <p
            class="emotion-22 emotion-11"
          >
            Large Text 24px and over 
            <br />
            AA: 3.0 AAA: 4.5
          </p>
          <h2
            class="emotion-12 emotion-13"
            data-testid="contrastResult-rating-large"
          >
            AAA
          </h2>
        </div>
        <div
          class="emotion-8 emotion-9"
        >
          <p
            class="emotion-10 emotion-11"
          >
            Contrast Ratio
          </p>
          <h2
            class="emotion-12 emotion-13"
          >
            21 : 1
          </h2>
        </div>
      </div>
    </div>
    <div
      class="emotion-32 emotion-3"
    >
      <div
        class="emotion-34 emotion-35"
        data-testid="color-input-form"
        style="color: rgb(255, 255, 255);"
      >
        <div
          class="emotion-36 emotion-37"
        >
          <label
            class="emotion-38 emotion-39"
            for="textColor"
          >
            Text Color
          </label>
          <input
            autocomplete="off"
            class="emotion-40 emotion-41"
            data-testid="textColor"
            id="textColor"
            style="border-color: #fff;"
            type="text"
            value="#fff"
          />
          <div
            class="emotion-42 emotion-43"
            data-testid="form-hsl-sliders"
          >
            <div
              class="emotion-44 emotion-45"
            >
              <div
                class="emotion-46 emotion-47"
              >
                <label
                  class="emotion-38 emotion-39"
                  for="textColor-hsl-Hue"
                >
                  Hue 0°
                </label>
              </div>
              <div
                class="emotion-50 emotion-51"
              >
                <input
                  class="emotion-52 emotion-53"
                  data-testid="textColor-hsl-Hue"
                  id="textColor-hsl-Hue"
                  max="360"
                  min="0"
                  type="range"
                  value="0"
                />
              </div>
            </div>
            <div
              class="emotion-44 emotion-45"
            >
              <div
                class="emotion-46 emotion-47"
              >
                <label
                  class="emotion-38 emotion-39"
                  for="textColor-hsl-Saturation"
                >
                  Saturation 0%
                </label>
              </div>
              <div
                class="emotion-50 emotion-51"
              >
                <input
                  class="emotion-52 emotion-53"
                  data-testid="textColor-hsl-Saturation"
                  id="textColor-hsl-Saturation"
                  max="100"
                  min="0"
                  type="range"
                  value="0"
                />
              </div>
            </div>
            <div
              class="emotion-44 emotion-45"
            >
              <div
                class="emotion-46 emotion-47"
              >
                <label
                  class="emotion-38 emotion-39"
                  for="textColor-hsl-Lightness"
                >
                  Lightness 100%
                </label>
              </div>
              <div
                class="emotion-50 emotion-51"
              >
                <input
                  class="emotion-52 emotion-53"
                  data-testid="textColor-hsl-Lightness"
                  id="textColor-hsl-Lightness"
                  max="100"
                  min="0"
                  type="range"
                  value="100"
                />
              </div>
            </div>
          </div>
        </div>
        <div
          class="emotion-36 emotion-37"
        >
          <label
            class="emotion-38 emotion-39"
            for="background"
          >
            Background
          </label>
          <input
            autocomplete="off"
            class="emotion-40 emotion-41"
            data-testid="background"
            id="background"
            style="border-color: #fff;"
            type="text"
            value="#000"
          />
          <div
            class="emotion-42 emotion-43"
            data-testid="form-hsl-sliders"
          >
            <div
              class="emotion-44 emotion-45"
            >
              <div
                class="emotion-46 emotion-47"
              >
                <label
                  class="emotion-38 emotion-39"
                  for="background-hsl-Hue"
                >
                  Hue 0°
                </label>
              </div>
              <div
                class="emotion-50 emotion-51"
              >
                <input
                  class="emotion-52 emotion-53"
                  data-testid="background-hsl-Hue"
                  id="background-hsl-Hue"
                  max="360"
                  min="0"
                  type="range"
                  value="0"
                />
              </div>
            </div>
            <div
              class="emotion-44 emotion-45"
            >
              <div
                class="emotion-46 emotion-47"
              >
                <label
                  class="emotion-38 emotion-39"
                  for="background-hsl-Saturation"
                >
                  Saturation 0%
                </label>
              </div>
              <div
                class="emotion-50 emotion-51"
              >
                <input
                  class="emotion-52 emotion-53"
                  data-testid="background-hsl-Saturation"
                  id="background-hsl-Saturation"
                  max="100"
                  min="0"
                  type="range"
                  value="0"
                />
              </div>
            </div>
            <div
              class="emotion-44 emotion-45"
            >
              <div
                class="emotion-46 emotion-47"
              >
                <label
                  class="emotion-38 emotion-39"
                  for="background-hsl-Lightness"
                >
                  Lightness 0%
                </label>
              </div>
              <div
                class="emotion-50 emotion-51"
              >
                <input
                  class="emotion-52 emotion-53"
                  data-testid="background-hsl-Lightness"
                  id="background-hsl-Lightness"
                  max="100"
                  min="0"
                  type="range"
                  value="0"
                />
              </div>
            </div>
          </div>
        </div>
      </div>
    </div>
  </main>
</DocumentFragment>
`;
