// Jest Snapshot v1, https://goo.gl/fbAQLP

exports[`ColorInputs renders without crashing 1`] = `
<DocumentFragment>
  .emotion-0 {
  display: -webkit-box;
  display: -webkit-flex;
  display: -ms-flexbox;
  display: flex;
  -webkit-box-flex-wrap: wrap;
  -webkit-flex-wrap: wrap;
  -ms-flex-wrap: wrap;
  flex-wrap: wrap;
  margin: 0 auto;
  max-width: 1200px;
  padding: 0 1rem;
  -webkit-transition: color 400ms ease-out;
  transition: color 400ms ease-out;
}

.emotion-2 {
  padding: 1rem;
  width: 100%;
}

@media (min-width: 768px) {
  .emotion-2 {
    -webkit-flex: 1 1 auto;
    -ms-flex: 1 1 auto;
    flex: 1 1 auto;
    width: 50%;
  }
}

.emotion-4 {
  display: inline-block;
  font-size: 1.2rem;
  margin-bottom: 0.5rem;
  width: 100%;
}

.emotion-6 {
  background: rgba(255, 255, 255, 0.1);
  border: solid 1px;
  border-radius: 3px;
  font-size: 1.2rem;
  padding: 0.5rem 1rem;
  margin-bottom: 2rem;
  width: 100%;
}

.emotion-8 {
  display: -webkit-box;
  display: -webkit-flex;
  display: -ms-flexbox;
  display: flex;
  -webkit-box-flex-wrap: wrap;
  -webkit-flex-wrap: wrap;
  -ms-flex-wrap: wrap;
  flex-wrap: wrap;
}

@media (min-width: 1024px) {
  .emotion-8 {
    margin: 0 -0.5rem;
  }
}

.emotion-10 {
  width: 100%;
}

@media (min-width: 1024px) {
  .emotion-10 {
    -webkit-flex: 1 0 auto;
    -ms-flex: 1 0 auto;
    flex: 1 0 auto;
    padding: 0 0.5rem;
    width: 33.3333%;
  }
}

.emotion-18 {
  -webkit-appearance: none;
  background: transparent;
  border-radius: 2px;
  color: currentColor;
  display: block;
  margin: 10px 0;
  width: 100%;
}

.emotion-18::-webkit-slider-runnable-track {
  width: 100%;
  height: 4px;
  cursor: pointer;
  -webkit-transition: all 0.2s ease;
  transition: all 0.2s ease;
  box-shadow: 0 0 0 #fff,0 0 0 #fff;
  background: currentColor;
  border: 1px solid currentColor;
  border-radius: 5px;
}

.emotion-18::-webkit-slider-thumb {
  box-shadow: 1px 1px 1px #999,0 0 1px #a6a6a6;
  border: 1px solid currentColor;
  height: 20px;
  width: 8px;
  border-radius: 2px;
  background: currentColor;
  cursor: pointer;
  -webkit-appearance: none;
  margin-top: -9px;
}

.emotion-18:focus::-webkit-slider-runnable-track {
  background: currentColor;
}

.emotion-18::-moz-range-track {
  width: 100%;
  height: 4px;
  cursor: pointer;
  -webkit-transition: all 0.2s ease;
  transition: all 0.2s ease;
  box-shadow: 0 0 0 #fff,0 0 0 #fff;
  background: currentColor;
  border: 1px solid currentColor;
  border-radius: 5px;
}

.emotion-18::-moz-range-thumb {
  box-shadow: 1px 1px 1px #999,0 0 1px #a6a6a6;
  border: 1px solid currentColor;
  height: 20px;
  width: 8px;
  border-radius: 2px;
  background: currentColor;
  cursor: pointer;
}

.emotion-18::-ms-track {
  width: 100%;
  height: 4px;
  cursor: pointer;
  -webkit-transition: all 0.2s ease;
  transition: all 0.2s ease;
  background: transparent;
  border-color: transparent;
  border-width: 8px 0;
  color: transparent;
}

.emotion-18::-ms-fill-lower {
  box-shadow: 0 0 0 #fff,0 0 0 #fff;
  background: currentColor;
  border: 1px solid currentColor;
  border-radius: 5px * 2;
}

.emotion-18::-ms-fill-upper {
  box-shadow: 0 0 0 #fff,0 0 0 #fff;
  background: currentColor;
  border: 1px solid currentColor;
  border-radius: 5px * 2;
}

.emotion-18::-ms-thumb {
  box-shadow: 1px 1px 1px #999,0 0 1px #a6a6a6;
  border: 1px solid currentColor;
  height: 20px;
  width: 8px;
  border-radius: 2px;
  background: currentColor;
  cursor: pointer;
}

.emotion-18:focus::-ms-fill-lower {
  background: currentColor;
}

.emotion-18:focus::-ms-fill-upper {
  background: currentColor;
}

<div
    class="emotion-0 emotion-1"
    data-testid="color-input-form"
    style="color: rgb(255, 255, 255);"
  >
    <div
      class="emotion-2 emotion-3"
    >
      <label
        class="emotion-4 emotion-5"
        for="textColor"
      >
        Text Color
      </label>
      <input
        autocomplete="off"
        class="emotion-6 emotion-7"
        data-testid="textColor"
        id="textColor"
        style="border-color: #fff;"
        type="text"
        value="#fff"
      />
      <div
        class="emotion-8 emotion-9"
        data-testid="form-hsl-sliders"
      >
        <div
          class="emotion-10 emotion-11"
        >
          <div
            class="emotion-12 emotion-13"
          >
            <label
              class="emotion-4 emotion-5"
              for="textColor-hsl-Hue"
            >
              Hue 0°
            </label>
          </div>
          <div
            class="emotion-16 emotion-17"
          >
            <input
              class="emotion-18 emotion-19"
              data-testid="textColor-hsl-Hue"
              id="textColor-hsl-Hue"
              max="360"
              min="0"
              type="range"
              value="0"
            />
          </div>
        </div>
        <div
          class="emotion-10 emotion-11"
        >
          <div
            class="emotion-12 emotion-13"
          >
            <label
              class="emotion-4 emotion-5"
              for="textColor-hsl-Saturation"
            >
              Saturation 0%
            </label>
          </div>
          <div
            class="emotion-16 emotion-17"
          >
            <input
              class="emotion-18 emotion-19"
              data-testid="textColor-hsl-Saturation"
              id="textColor-hsl-Saturation"
              max="100"
              min="0"
              type="range"
              value="0"
            />
          </div>
        </div>
        <div
          class="emotion-10 emotion-11"
        >
          <div
            class="emotion-12 emotion-13"
          >
            <label
              class="emotion-4 emotion-5"
              for="textColor-hsl-Lightness"
            >
              Lightness 100%
            </label>
          </div>
          <div
            class="emotion-16 emotion-17"
          >
            <input
              class="emotion-18 emotion-19"
              data-testid="textColor-hsl-Lightness"
              id="textColor-hsl-Lightness"
              max="100"
              min="0"
              type="range"
              value="100"
            />
          </div>
        </div>
      </div>
    </div>
    <div
      class="emotion-2 emotion-3"
    >
      <label
        class="emotion-4 emotion-5"
        for="background"
      >
        Background
      </label>
      <input
        autocomplete="off"
        class="emotion-6 emotion-7"
        data-testid="background"
        id="background"
        style="border-color: #fff;"
        type="text"
        value="#000"
      />
      <div
        class="emotion-8 emotion-9"
        data-testid="form-hsl-sliders"
      >
        <div
          class="emotion-10 emotion-11"
        >
          <div
            class="emotion-12 emotion-13"
          >
            <label
              class="emotion-4 emotion-5"
              for="background-hsl-Hue"
            >
              Hue 0°
            </label>
          </div>
          <div
            class="emotion-16 emotion-17"
          >
            <input
              class="emotion-18 emotion-19"
              data-testid="background-hsl-Hue"
              id="background-hsl-Hue"
              max="360"
              min="0"
              type="range"
              value="0"
            />
          </div>
        </div>
        <div
          class="emotion-10 emotion-11"
        >
          <div
            class="emotion-12 emotion-13"
          >
            <label
              class="emotion-4 emotion-5"
              for="background-hsl-Saturation"
            >
              Saturation 0%
            </label>
          </div>
          <div
            class="emotion-16 emotion-17"
          >
            <input
              class="emotion-18 emotion-19"
              data-testid="background-hsl-Saturation"
              id="background-hsl-Saturation"
              max="100"
              min="0"
              type="range"
              value="0"
            />
          </div>
        </div>
        <div
          class="emotion-10 emotion-11"
        >
          <div
            class="emotion-12 emotion-13"
          >
            <label
              class="emotion-4 emotion-5"
              for="background-hsl-Lightness"
            >
              Lightness 0%
            </label>
          </div>
          <div
            class="emotion-16 emotion-17"
          >
            <input
              class="emotion-18 emotion-19"
              data-testid="background-hsl-Lightness"
              id="background-hsl-Lightness"
              max="100"
              min="0"
              type="range"
              value="0"
            />
          </div>
        </div>
      </div>
    </div>
  </div>
</DocumentFragment>
`;
