// Vitest Snapshot v1, https://vitest.dev/guide/snapshot.html

exports[`Palette Page > renders without crashing 1`] = `
<DocumentFragment>
  .emotion-0 {
  text-align: center;
}

.emotion-1 {
  font-weight: 700;
  line-height: 1;
  margin: 3rem 0;
}

.emotion-2 {
  display: inline-block;
  font-size: 2.5rem;
  margin-bottom: 0.5rem;
  width: 100%;
}

.emotion-3 {
  background: rgba(255, 255, 255, 0.1);
  border: solid 1px;
  border-radius: 3px;
  font-size: 1.2rem;
  padding: 0.5rem 1rem;
  margin-bottom: 0;
  width: 100%;
}

<form
    class="emotion-0"
  >
    <div>
      <h1
        class="emotion-1"
      >
        <label
          class="emotion-2"
          for="palette-form-input"
        >
          Add the colours from your palette
        </label>
      </h1>
      <input
        autocomplete="off"
        class="emotion-3"
        data-testid="palette-form-input"
        id="palette-form-input"
        name="paletteFormInput"
        placeholder="e.g. #ccc, #fff or blue"
        type="text"
      />
    </div>
  </form>
  .emotion-0 {
  margin: 1.5rem auto 0.5rem;
  max-width: 1200px;
  padding: 0 1rem;
  text-align: center;
}

.emotion-1 {
  border: 0;
  color: inherit;
  margin: 0;
  min-width: 0;
  padding: 0 1rem 1rem;
  text-align: center;
  width: 100%;
}

.emotion-2 {
  display: block;
  float: left;
  font-size: 1.2rem;
  line-height: 1;
  margin: 0 0 5px;
  padding: 0;
  width: 100%;
}

.emotion-3 {
  clear: both;
  display: -webkit-box;
  display: -webkit-flex;
  display: -ms-flexbox;
  display: flex;
  -webkit-box-flex-wrap: wrap;
  -webkit-flex-wrap: wrap;
  -ms-flex-wrap: wrap;
  flex-wrap: wrap;
  gap: 1.25rem;
  -webkit-box-pack: center;
  -ms-flex-pack: center;
  -webkit-justify-content: center;
  justify-content: center;
}

.emotion-4 {
  cursor: pointer;
  display: -webkit-inline-box;
  display: -webkit-inline-flex;
  display: -ms-inline-flexbox;
  display: inline-flex;
  font-size: 1.2rem;
  line-height: 1;
  padding-bottom: 0.35em;
  position: relative;
  -webkit-transition: font-weight 150ms ease-out,text-decoration-color 150ms ease-out;
  transition: font-weight 150ms ease-out,text-decoration-color 150ms ease-out;
}

.emotion-4:has(input:checked) {
  font-weight: 700;
  -webkit-text-decoration: underline;
  text-decoration: underline;
  text-decoration-thickness: 2px;
  text-underline-offset: 0.2em;
}

.emotion-4:has(input:focus-visible) {
  outline: currentColor dashed 2px;
  outline-offset: 3px;
}

.emotion-5 {
  cursor: pointer;
  height: 100%;
  left: 0;
  margin: 0;
  opacity: 0;
  position: absolute;
  top: 0;
  width: 100%;
}

<div
    class="emotion-0"
  >
    <fieldset
      class="emotion-1"
    >
      <legend
        class="emotion-2"
      >
        Algorithm
      </legend>
      <div
        class="emotion-3"
      >
        <label
          class="emotion-4"
        >
          <input
            checked=""
            class="emotion-5"
            name="contrast-algorithm"
            type="radio"
            value="wcag2"
          />
          WCAG 2.x
        </label>
        <label
          class="emotion-4"
        >
          <input
            class="emotion-5"
            name="contrast-algorithm"
            type="radio"
            value="apca"
          />
          APCA
        </label>
      </div>
    </fieldset>
  </div>
  .emotion-0 {
  margin-top: 3rem;
  overflow-x: auto;
}

.emotion-1 {
  border-collapse: collapse;
  width: 100%;
}

<section
    class="emotion-0"
  >
    <table
      class="emotion-1"
    >
      <thead>
        <tr
          class="emotion-2"
          data-testid="colorMatrix-tr"
        >
          <td
            style="width: 6rem;"
          />
        </tr>
      </thead>
      <tbody />
    </table>
  </section>
</DocumentFragment>
`;
